<?xml version="1.0" encoding="UTF-8"?>
<TestRun id="ac7ddf1c-2d53-43bb-a170-327b32b22a03" name="Administrator@W7 2021-11-04 11:36:00" runUser="W7\Administrator" xmlns="http://microsoft.com/schemas/VisualStudio/TeamTest/2010">
  <TestSettings name="Local" id="6267a7d8-8ce8-416b-b22c-5d151127fd5f">
    <Description>These are default test settings for a local test run.</Description>
    <Deployment enabled="false" runDeploymentRoot="Administrator_W7 2021-11-04 11_36_00">
      <DeploymentItem filename="c:\users\administrator\documents\visual studio 2010\Projects\WpfApplication1\WpfApplication1\bin\Debug\WpfApplication1.exe" />
    </Deployment>
    <Execution>
      <TestTypeSpecific />
      <AgentRule name="Execution Agents">
      </AgentRule>
    </Execution>
  </TestSettings>
  <Times creation="2021-11-04T11:36:00.1963011-07:00" queuing="2021-11-04T11:36:00.2553580-07:00" start="2021-11-04T11:36:00.2623646-07:00" finish="2021-11-04T11:36:00.6267140-07:00" />
  <ResultSummary outcome="Failed">
    <Counters total="10" executed="10" passed="9" error="0" failed="1" timeout="0" aborted="0" inconclusive="0" passedButRunAborted="0" notRunnable="0" notExecuted="0" disconnected="0" warning="0" completed="0" inProgress="0" pending="0" />
  </ResultSummary>
  <TestDefinitions>
    <UnitTest name="TestCheckDrawTo" storage="c:\users\administrator\documents\visual studio 2010\projects\wpfapplication1\testproject1\bin\debug\testproject1.dll" id="ee7c3557-b853-6ee0-1b93-ff91de1cec02">
      <Execution id="65098480-5366-4979-a72d-d9dac154367a" />
      <TestMethod codeBase="c:/users/administrator/documents/visual studio 2010/Projects/WpfApplication1/TestProject1/bin/Debug/TestProject1.DLL" adapterTypeName="Microsoft.VisualStudio.TestTools.TestTypes.Unit.UnitTestAdapter, Microsoft.VisualStudio.QualityTools.Tips.UnitTest.Adapter, Version=10.0.0.0, Culture=neutral, PublicKeyToken=b03f5f7f11d50a3a" className="TestProject1.UnitTest1, TestProject1, Version=1.0.0.0, Culture=neutral, PublicKeyToken=null" name="TestCheckDrawTo" />
    </UnitTest>
    <UnitTest name="TestCheckClear" storage="c:\users\administrator\documents\visual studio 2010\projects\wpfapplication1\testproject1\bin\debug\testproject1.dll" id="d5f6c96c-a288-f305-e0b6-f30feac4d3f9">
      <Execution id="0ca27ec2-7c69-4bee-a3a5-4f9e7e5dbc3d" />
      <TestMethod codeBase="c:/users/administrator/documents/visual studio 2010/Projects/WpfApplication1/TestProject1/bin/Debug/TestProject1.DLL" adapterTypeName="Microsoft.VisualStudio.TestTools.TestTypes.Unit.UnitTestAdapter, Microsoft.VisualStudio.QualityTools.Tips.UnitTest.Adapter, Version=10.0.0.0, Culture=neutral, PublicKeyToken=b03f5f7f11d50a3a" className="TestProject1.UnitTest1, TestProject1, Version=1.0.0.0, Culture=neutral, PublicKeyToken=null" name="TestCheckClear" />
    </UnitTest>
    <UnitTest name="TestCheckCircle" storage="c:\users\administrator\documents\visual studio 2010\projects\wpfapplication1\testproject1\bin\debug\testproject1.dll" id="ae11f443-4668-abaf-4550-b13abcbdaa9d">
      <Execution id="99be70bc-e7c4-4b24-8226-d309344d359e" />
      <TestMethod codeBase="c:/users/administrator/documents/visual studio 2010/Projects/WpfApplication1/TestProject1/bin/Debug/TestProject1.DLL" adapterTypeName="Microsoft.VisualStudio.TestTools.TestTypes.Unit.UnitTestAdapter, Microsoft.VisualStudio.QualityTools.Tips.UnitTest.Adapter, Version=10.0.0.0, Culture=neutral, PublicKeyToken=b03f5f7f11d50a3a" className="TestProject1.UnitTest1, TestProject1, Version=1.0.0.0, Culture=neutral, PublicKeyToken=null" name="TestCheckCircle" />
    </UnitTest>
    <UnitTest name="TestCheckPen" storage="c:\users\administrator\documents\visual studio 2010\projects\wpfapplication1\testproject1\bin\debug\testproject1.dll" id="ac5cc1d0-27ff-5d93-6160-f5188249b93e">
      <Execution id="6ab708b6-26fa-4e63-8b42-c25120b37d69" />
      <TestMethod codeBase="c:/users/administrator/documents/visual studio 2010/Projects/WpfApplication1/TestProject1/bin/Debug/TestProject1.DLL" adapterTypeName="Microsoft.VisualStudio.TestTools.TestTypes.Unit.UnitTestAdapter, Microsoft.VisualStudio.QualityTools.Tips.UnitTest.Adapter, Version=10.0.0.0, Culture=neutral, PublicKeyToken=b03f5f7f11d50a3a" className="TestProject1.UnitTest1, TestProject1, Version=1.0.0.0, Culture=neutral, PublicKeyToken=null" name="TestCheckPen" />
    </UnitTest>
    <UnitTest name="TestDrawTriangle" storage="c:\users\administrator\documents\visual studio 2010\projects\wpfapplication1\testproject1\bin\debug\testproject1.dll" id="efced82c-547d-7337-b658-72dbc4129dec">
      <Execution id="965cd44a-1236-4cf1-9576-48f2a65ad391" />
      <TestMethod codeBase="c:/users/administrator/documents/visual studio 2010/Projects/WpfApplication1/TestProject1/bin/Debug/TestProject1.DLL" adapterTypeName="Microsoft.VisualStudio.TestTools.TestTypes.Unit.UnitTestAdapter, Microsoft.VisualStudio.QualityTools.Tips.UnitTest.Adapter, Version=10.0.0.0, Culture=neutral, PublicKeyToken=b03f5f7f11d50a3a" className="TestProject1.UnitTest1, TestProject1, Version=1.0.0.0, Culture=neutral, PublicKeyToken=null" name="TestDrawTriangle" />
    </UnitTest>
    <UnitTest name="TestCheckRectangle" storage="c:\users\administrator\documents\visual studio 2010\projects\wpfapplication1\testproject1\bin\debug\testproject1.dll" id="f4577b5d-bd15-15e5-45a8-c23f6631885b">
      <Execution id="e0336da4-420c-4aee-9bfc-6b83f422fcef" />
      <TestMethod codeBase="c:/users/administrator/documents/visual studio 2010/Projects/WpfApplication1/TestProject1/bin/Debug/TestProject1.DLL" adapterTypeName="Microsoft.VisualStudio.TestTools.TestTypes.Unit.UnitTestAdapter, Microsoft.VisualStudio.QualityTools.Tips.UnitTest.Adapter, Version=10.0.0.0, Culture=neutral, PublicKeyToken=b03f5f7f11d50a3a" className="TestProject1.UnitTest1, TestProject1, Version=1.0.0.0, Culture=neutral, PublicKeyToken=null" name="TestCheckRectangle" />
    </UnitTest>
    <UnitTest name="TestCheckReset" storage="c:\users\administrator\documents\visual studio 2010\projects\wpfapplication1\testproject1\bin\debug\testproject1.dll" id="3dd36017-c1b6-6db9-1343-44e0a9729ff7">
      <Execution id="189510f5-976d-4065-a990-4821030d2c8d" />
      <TestMethod codeBase="c:/users/administrator/documents/visual studio 2010/Projects/WpfApplication1/TestProject1/bin/Debug/TestProject1.DLL" adapterTypeName="Microsoft.VisualStudio.TestTools.TestTypes.Unit.UnitTestAdapter, Microsoft.VisualStudio.QualityTools.Tips.UnitTest.Adapter, Version=10.0.0.0, Culture=neutral, PublicKeyToken=b03f5f7f11d50a3a" className="TestProject1.UnitTest1, TestProject1, Version=1.0.0.0, Culture=neutral, PublicKeyToken=null" name="TestCheckReset" />
    </UnitTest>
    <UnitTest name="TestCheckMoveTo" storage="c:\users\administrator\documents\visual studio 2010\projects\wpfapplication1\testproject1\bin\debug\testproject1.dll" id="42685df2-5dab-5d15-22b3-4cd49b9a0162">
      <Execution id="02348c8a-0a62-4b3f-b11b-544dcb695bc8" />
      <TestMethod codeBase="c:/users/administrator/documents/visual studio 2010/Projects/WpfApplication1/TestProject1/bin/Debug/TestProject1.DLL" adapterTypeName="Microsoft.VisualStudio.TestTools.TestTypes.Unit.UnitTestAdapter, Microsoft.VisualStudio.QualityTools.Tips.UnitTest.Adapter, Version=10.0.0.0, Culture=neutral, PublicKeyToken=b03f5f7f11d50a3a" className="TestProject1.UnitTest1, TestProject1, Version=1.0.0.0, Culture=neutral, PublicKeyToken=null" name="TestCheckMoveTo" />
    </UnitTest>
    <UnitTest name="TestCheckFill" storage="c:\users\administrator\documents\visual studio 2010\projects\wpfapplication1\testproject1\bin\debug\testproject1.dll" id="b38daf7c-5dc1-a06b-521e-b2a97b764c6a">
      <Execution id="05a72416-5940-48ec-8a9a-f4690b9b2490" />
      <TestMethod codeBase="c:/users/administrator/documents/visual studio 2010/Projects/WpfApplication1/TestProject1/bin/Debug/TestProject1.DLL" adapterTypeName="Microsoft.VisualStudio.TestTools.TestTypes.Unit.UnitTestAdapter, Microsoft.VisualStudio.QualityTools.Tips.UnitTest.Adapter, Version=10.0.0.0, Culture=neutral, PublicKeyToken=b03f5f7f11d50a3a" className="TestProject1.UnitTest1, TestProject1, Version=1.0.0.0, Culture=neutral, PublicKeyToken=null" name="TestCheckFill" />
    </UnitTest>
    <UnitTest name="TestCheckTriangle" storage="c:\users\administrator\documents\visual studio 2010\projects\wpfapplication1\testproject1\bin\debug\testproject1.dll" id="add4c570-9af0-d15d-78a3-6eb1db798025">
      <Execution id="1eb44f1d-e506-48a8-a11d-63c83e94a09d" />
      <TestMethod codeBase="c:/users/administrator/documents/visual studio 2010/Projects/WpfApplication1/TestProject1/bin/Debug/TestProject1.DLL" adapterTypeName="Microsoft.VisualStudio.TestTools.TestTypes.Unit.UnitTestAdapter, Microsoft.VisualStudio.QualityTools.Tips.UnitTest.Adapter, Version=10.0.0.0, Culture=neutral, PublicKeyToken=b03f5f7f11d50a3a" className="TestProject1.UnitTest1, TestProject1, Version=1.0.0.0, Culture=neutral, PublicKeyToken=null" name="TestCheckTriangle" />
    </UnitTest>
  </TestDefinitions>
  <TestLists>
    <TestList name="Results Not in a List" id="8c84fa94-04c1-424b-9868-57a2d4851a1d" />
    <TestList name="All Loaded Results" id="19431567-8539-422a-85d7-44ee4e166bda" />
  </TestLists>
  <TestEntries>
    <TestEntry testId="3dd36017-c1b6-6db9-1343-44e0a9729ff7" executionId="189510f5-976d-4065-a990-4821030d2c8d" testListId="8c84fa94-04c1-424b-9868-57a2d4851a1d" />
    <TestEntry testId="42685df2-5dab-5d15-22b3-4cd49b9a0162" executionId="02348c8a-0a62-4b3f-b11b-544dcb695bc8" testListId="8c84fa94-04c1-424b-9868-57a2d4851a1d" />
    <TestEntry testId="ac5cc1d0-27ff-5d93-6160-f5188249b93e" executionId="6ab708b6-26fa-4e63-8b42-c25120b37d69" testListId="8c84fa94-04c1-424b-9868-57a2d4851a1d" />
    <TestEntry testId="add4c570-9af0-d15d-78a3-6eb1db798025" executionId="1eb44f1d-e506-48a8-a11d-63c83e94a09d" testListId="8c84fa94-04c1-424b-9868-57a2d4851a1d" />
    <TestEntry testId="ae11f443-4668-abaf-4550-b13abcbdaa9d" executionId="99be70bc-e7c4-4b24-8226-d309344d359e" testListId="8c84fa94-04c1-424b-9868-57a2d4851a1d" />
    <TestEntry testId="b38daf7c-5dc1-a06b-521e-b2a97b764c6a" executionId="05a72416-5940-48ec-8a9a-f4690b9b2490" testListId="8c84fa94-04c1-424b-9868-57a2d4851a1d" />
    <TestEntry testId="d5f6c96c-a288-f305-e0b6-f30feac4d3f9" executionId="0ca27ec2-7c69-4bee-a3a5-4f9e7e5dbc3d" testListId="8c84fa94-04c1-424b-9868-57a2d4851a1d" />
    <TestEntry testId="ee7c3557-b853-6ee0-1b93-ff91de1cec02" executionId="65098480-5366-4979-a72d-d9dac154367a" testListId="8c84fa94-04c1-424b-9868-57a2d4851a1d" />
    <TestEntry testId="efced82c-547d-7337-b658-72dbc4129dec" executionId="965cd44a-1236-4cf1-9576-48f2a65ad391" testListId="8c84fa94-04c1-424b-9868-57a2d4851a1d" />
    <TestEntry testId="f4577b5d-bd15-15e5-45a8-c23f6631885b" executionId="e0336da4-420c-4aee-9bfc-6b83f422fcef" testListId="8c84fa94-04c1-424b-9868-57a2d4851a1d" />
  </TestEntries>
  <Results>
    <UnitTestResult executionId="189510f5-976d-4065-a990-4821030d2c8d" testId="3dd36017-c1b6-6db9-1343-44e0a9729ff7" testName="TestCheckReset" computerName="W7" duration="00:00:00.0273665" startTime="2021-11-04T11:36:00.2633653-07:00" endTime="2021-11-04T11:36:00.5476376-07:00" testType="13cdc9d9-ddb5-4fa4-a97d-d965ccfc6d4b" outcome="Passed" testListId="8c84fa94-04c1-424b-9868-57a2d4851a1d" relativeResultsDirectory="189510f5-976d-4065-a990-4821030d2c8d">
    </UnitTestResult>
    <UnitTestResult executionId="02348c8a-0a62-4b3f-b11b-544dcb695bc8" testId="42685df2-5dab-5d15-22b3-4cd49b9a0162" testName="TestCheckMoveTo" computerName="W7" duration="00:00:00.0007819" startTime="2021-11-04T11:36:00.5486391-07:00" endTime="2021-11-04T11:36:00.5526421-07:00" testType="13cdc9d9-ddb5-4fa4-a97d-d965ccfc6d4b" outcome="Passed" testListId="8c84fa94-04c1-424b-9868-57a2d4851a1d" relativeResultsDirectory="02348c8a-0a62-4b3f-b11b-544dcb695bc8">
    </UnitTestResult>
    <UnitTestResult executionId="6ab708b6-26fa-4e63-8b42-c25120b37d69" testId="ac5cc1d0-27ff-5d93-6160-f5188249b93e" testName="TestCheckPen" computerName="W7" duration="00:00:00.0007274" startTime="2021-11-04T11:36:00.5526421-07:00" endTime="2021-11-04T11:36:00.5556453-07:00" testType="13cdc9d9-ddb5-4fa4-a97d-d965ccfc6d4b" outcome="Passed" testListId="8c84fa94-04c1-424b-9868-57a2d4851a1d" relativeResultsDirectory="6ab708b6-26fa-4e63-8b42-c25120b37d69">
    </UnitTestResult>
    <UnitTestResult executionId="1eb44f1d-e506-48a8-a11d-63c83e94a09d" testId="add4c570-9af0-d15d-78a3-6eb1db798025" testName="TestCheckTriangle" computerName="W7" duration="00:00:00.0009531" startTime="2021-11-04T11:36:00.5566467-07:00" endTime="2021-11-04T11:36:00.5646540-07:00" testType="13cdc9d9-ddb5-4fa4-a97d-d965ccfc6d4b" outcome="Passed" testListId="8c84fa94-04c1-424b-9868-57a2d4851a1d" relativeResultsDirectory="1eb44f1d-e506-48a8-a11d-63c83e94a09d">
    </UnitTestResult>
    <UnitTestResult executionId="99be70bc-e7c4-4b24-8226-d309344d359e" testId="ae11f443-4668-abaf-4550-b13abcbdaa9d" testName="TestCheckCircle" computerName="W7" duration="00:00:00.0006565" startTime="2021-11-04T11:36:00.5656555-07:00" endTime="2021-11-04T11:36:00.5686574-07:00" testType="13cdc9d9-ddb5-4fa4-a97d-d965ccfc6d4b" outcome="Passed" testListId="8c84fa94-04c1-424b-9868-57a2d4851a1d" relativeResultsDirectory="99be70bc-e7c4-4b24-8226-d309344d359e">
    </UnitTestResult>
    <UnitTestResult executionId="05a72416-5940-48ec-8a9a-f4690b9b2490" testId="b38daf7c-5dc1-a06b-521e-b2a97b764c6a" testName="TestCheckFill" computerName="W7" duration="00:00:00.0007196" startTime="2021-11-04T11:36:00.5696593-07:00" endTime="2021-11-04T11:36:00.5726617-07:00" testType="13cdc9d9-ddb5-4fa4-a97d-d965ccfc6d4b" outcome="Passed" testListId="8c84fa94-04c1-424b-9868-57a2d4851a1d" relativeResultsDirectory="05a72416-5940-48ec-8a9a-f4690b9b2490">
    </UnitTestResult>
    <UnitTestResult executionId="0ca27ec2-7c69-4bee-a3a5-4f9e7e5dbc3d" testId="d5f6c96c-a288-f305-e0b6-f30feac4d3f9" testName="TestCheckClear" computerName="W7" duration="00:00:00.0005545" startTime="2021-11-04T11:36:00.5736631-07:00" endTime="2021-11-04T11:36:00.5766655-07:00" testType="13cdc9d9-ddb5-4fa4-a97d-d965ccfc6d4b" outcome="Passed" testListId="8c84fa94-04c1-424b-9868-57a2d4851a1d" relativeResultsDirectory="0ca27ec2-7c69-4bee-a3a5-4f9e7e5dbc3d">
    </UnitTestResult>
    <UnitTestResult executionId="65098480-5366-4979-a72d-d9dac154367a" testId="ee7c3557-b853-6ee0-1b93-ff91de1cec02" testName="TestCheckDrawTo" computerName="W7" duration="00:00:00.0007348" startTime="2021-11-04T11:36:00.5766655-07:00" endTime="2021-11-04T11:36:00.5796683-07:00" testType="13cdc9d9-ddb5-4fa4-a97d-d965ccfc6d4b" outcome="Passed" testListId="8c84fa94-04c1-424b-9868-57a2d4851a1d" relativeResultsDirectory="65098480-5366-4979-a72d-d9dac154367a">
    </UnitTestResult>
    <UnitTestResult executionId="965cd44a-1236-4cf1-9576-48f2a65ad391" testId="efced82c-547d-7337-b658-72dbc4129dec" testName="TestDrawTriangle" computerName="W7" duration="00:00:00.0246071" startTime="2021-11-04T11:36:00.5806697-07:00" endTime="2021-11-04T11:36:00.6076955-07:00" testType="13cdc9d9-ddb5-4fa4-a97d-d965ccfc6d4b" outcome="Failed" testListId="8c84fa94-04c1-424b-9868-57a2d4851a1d" relativeResultsDirectory="965cd44a-1236-4cf1-9576-48f2a65ad391">
      <Output>
        <ErrorInfo>
          <Message>Assert.Fail failed. Object reference not set to an instance of an object.</Message>
          <StackTrace>   at TestProject1.UnitTest1.TestDrawTriangle() in c:\users\administrator\documents\visual studio 2010\Projects\WpfApplication1\TestProject1\UnitTest1.cs:line 190
</StackTrace>
        </ErrorInfo>
      </Output>
    </UnitTestResult>
    <UnitTestResult executionId="e0336da4-420c-4aee-9bfc-6b83f422fcef" testId="f4577b5d-bd15-15e5-45a8-c23f6631885b" testName="TestCheckRectangle" computerName="W7" duration="00:00:00.0007458" startTime="2021-11-04T11:36:00.6086966-07:00" endTime="2021-11-04T11:36:00.6116989-07:00" testType="13cdc9d9-ddb5-4fa4-a97d-d965ccfc6d4b" outcome="Passed" testListId="8c84fa94-04c1-424b-9868-57a2d4851a1d" relativeResultsDirectory="e0336da4-420c-4aee-9bfc-6b83f422fcef">
    </UnitTestResult>
  </Results>
</TestRun>